{
    "actor": {
        "objectType": "Agent",
        "openid": "https://openedx.org/users/user-v1/32e08e30-f8ae-4ce2-94a8-c2bfe38a70cb"
    },
    "context": {
        "contextActivities": {
            "category": [
                {
                    "id": "https://w3id.org/xapi/video/activity-type/video",
                    "objectType": "Activity"
                }
            ],
            "parent": [
                {
                    "objectType": "Activity"
                }
            ]
        },
        "registration": "32e08e30-f8ae-4ce2-94a8-c2bfe38a70cb"
    },
    "object": {
        "definition": {
            "extensions": {
            },
            "name": {
                "en": "Video Display Name"
            },
            "type": "https://w3id.org/xapi/video/activity-type/video"
        },
        "objectType": "Activity"
    },
    "result": {
        "extensions": {
        }
    },
    "verb": {
        "display": {
            "en": "played"
        },
        "id": "https://w3id.org/xapi/video/verbs/played"
    },
    "version": "1.0.3"
}
