{
    "actor": {
        "objectType": "Agent",
        "openid": "https://openedx.org/users/user-v1/32e08e30-f8ae-4ce2-94a8-c2bfe38a70cb"
    },
    "context": {
        "contextActivities": {
            "parent": [
                {
                    "objectType": "Activity"
                }
            ]
        },
        "registration": "32e08e30-f8ae-4ce2-94a8-c2bfe38a70cb"
    },
    "object": {
        "definition": {
            "correctResponsesPattern": [
            ],
            "interactionType": "other",
            "type": "http://adlnet.gov/expapi/activities/interaction"
        },
        "objectType": "Activity"
    },
    "result": {
        "score": {
            "min": 0
        },
        "success": false
    },
    "verb": {
        "display": {
            "en": "answered"
        },
        "id": "http://adlnet.gov/expapi/verbs/answered"
    },
    "version": "1.0.3"
}
